OPA_SA_DB_1.0.0 {
	global:
		op_path_find_hfi;
		op_path_open;
		op_path_close;
		op_path_get_path_by_rec;
		op_path_get_path_to_dgid;
		op_path_find_pkey;
		op_path_compute_timeout;
		op_path_qp_attr;
		op_path_check_version;
		op_log_syslog;
		op_log_set_level;
		op_log;
		op_log_set_file;
		op_log_get_file;
		op_route_open;
		op_route_close;
		op_route_create_job;
		op_route_complete_job;
		op_route_get_portguid_vec;
		op_route_release_portguid_vec;
		op_route_get_switch_map;
		op_route_release_switch_map;
		op_route_get_cost_matrix;
		op_route_release_cost_matrix;
		op_route_get_use_matrix;
		op_route_set_use_matrix;
		op_route_release_use_matrix;
		op_route_get_job_list;
		op_route_release_job_list;
		op_route_poll_ready;
		op_route_get_status_text;
		op_route_dump;
		op_route_init_param;
		op_route_free_param;
		op_route_alloc_param;
		op_route_dump_param;
		op_route_put_fvdebug;
		op_ppath_create_writer;
		op_ppath_initialize_ports;
		op_ppath_initialize_subnets;
		op_ppath_initialize_vfabrics;
		op_ppath_add_subnet;
		op_ppath_add_vfab;
		op_ppath_add_sid;
		op_ppath_add_port;
		op_ppath_initialize_paths;
		op_ppath_add_path;
		op_ppath_publish;
		op_ppath_close_writer;
		op_ppath_create_reader;
		op_ppath_find_path;
		op_ppath_close_reader;
		op_ppath_version;
	local: *;
};


